PowerShell 7.4.6
PS E:\Курс_DataScience_GeekBarains\Вторая_четверть\Сбор и разметка данных\Collection_data> cd: Task_5_in_office
cd:: The term 'cd:' is not recognized as a name of a cmdlet, function, script file, or executable program.
Check the spelling of the name, or if a path was included, verify that the path is correct and try again.
PS E:\Курс_DataScience_GeekBarains\Вторая_четверть\Сбор и разметка данных\Collection_data> cd Task_5
PS E:\Курс_DataScience_GeekBarains\Вторая_четверть\Сбор и разметка данных\Collection_data\Task_5> cd Task_5_in_office
PS E:\Курс_DataScience_GeekBarains\Вторая_четверть\Сбор и разметка данных\Collection_data\Task_5\Task_5_in_office> scrapy startproject jobparser .
New Scrapy project 'jobparser', using template directory 'C:\Python312\Lib\site-packages\scrapy\templates\project', created in:
    E:\Курс_DataScience_GeekBarains\Вторая_четверть\Сбор и разметка данных\Collection_data\Task_5\Task_5_in_office

You can start your first spider with:
    cd .
    scrapy genspider example example.com
PS E:\Курс_DataScience_GeekBarains\Вторая_четверть\Сбор и разметка данных\Collection_data\Task_5\Task_5_in_office> scrapy genspider hhru
Usage
=====
  scrapy genspider [options] <name> <domain>

Generate new spider using pre-defined templates

Options
=======
  -h, --help            show this help message and exit
  -l, --list            List available templates
  -e, --edit            Edit spider after creating it
  -d TEMPLATE, --dump TEMPLATE
                        Dump template to standard output
  -t TEMPLATE, --template TEMPLATE
                        Uses a custom template.
  --force               If the spider already exists, overwrite it with the template

Global Options
--------------
  --logfile FILE        log file. if omitted stderr will be used
  -L LEVEL, --loglevel LEVEL
                        log level (default: DEBUG)
  --nolog               disable logging completely
  --profile FILE        write python cProfile stats to FILE
  --pidfile FILE        write process ID to FILE
  -s NAME=VALUE, --set NAME=VALUE
                        set/override setting (may be repeated)
  --pdb                 enable pdb on failure
PS E:\Курс_DataScience_GeekBarains\Вторая_четверть\Сбор и разметка данных\Collection_data\Task_5\Task_5_in_office> scrapy genspider hhru hh.ru
Created spider 'hhru' using template 'basic' in module:
  jobparser.spiders.hhru
PS E:\Курс_DataScience_GeekBarains\Вторая_четверть\Сбор и разметка данных\Collection_data\Task_5\Task_5_in_office> scrapy crawl hhru
2024-11-20 12:03:33 [scrapy.utils.log] INFO: Scrapy 2.12.0 started (bot: jobparser)
2024-11-20 12:03:33 [scrapy.utils.log] INFO: Versions: lxml 5.3.0.0, libxml2 2.11.7, cssselect 1.2.0, parsel 1.9.1, w3lib 2.2.1, Twisted 24.10.0, Python 3.12.1 (tags/v3.12.1:2305ca5, Dec  7 2023, 22:03:25) [MSC v.1937 64 bit (AMD64)], pyOpenSSL 24.2.1 (OpenSSL 3.3.2 3 Sep 2024), cryptography 43.0.3, Platform Windows-11-10.0.22631-SP0
2024-11-20 12:03:33 [scrapy.addons] INFO: Enabled addons:
[]
2024-11-20 12:03:33 [asyncio] DEBUG: Using selector: SelectSelector
2024-11-20 12:03:33 [scrapy.utils.log] DEBUG: Using reactor: twisted.internet.asyncioreactor.AsyncioSelectorReactor
2024-11-20 12:03:33 [scrapy.utils.log] DEBUG: Using asyncio event loop: asyncio.windows_events._WindowsSelectorEventLoop
2024-11-20 12:03:33 [scrapy.utils.log] DEBUG: Using reactor: twisted.internet.asyncioreactor.AsyncioSelectorReactor
2024-11-20 12:03:33 [scrapy.utils.log] DEBUG: Using asyncio event loop: asyncio.windows_events._WindowsSelectorEventLoop
2024-11-20 12:03:33 [scrapy.extensions.telnet] INFO: Telnet Password: bc1c57ab725def4a
2024-11-20 12:03:33 [scrapy.middleware] INFO: Enabled extensions:
['scrapy.extensions.corestats.CoreStats',
 'scrapy.extensions.telnet.TelnetConsole',
 'scrapy.extensions.logstats.LogStats']
2024-11-20 12:03:33 [scrapy.crawler] INFO: Overridden settings:
{'BOT_NAME': 'jobparser',
 'DOWNLOAD_DELAY': 0.5,
 'FEED_EXPORT_ENCODING': 'utf-8',
 'NEWSPIDER_MODULE': 'jobparser.spiders',
 'SPIDER_MODULES': ['jobparser.spiders'],
 'TWISTED_REACTOR': 'twisted.internet.asyncioreactor.AsyncioSelectorReactor',
 'USER_AGENT': 'Mozilla/5.0 (Windows NT 10.0; Win64; x64) AppleWebKit/537.36 '
               '(KHTML, like Gecko) Chrome/130.0.0.0 Safari/537.36'}
2024-11-20 12:03:34 [scrapy.middleware] INFO: Enabled downloader middlewares:
['scrapy.downloadermiddlewares.offsite.OffsiteMiddleware',
 'scrapy.downloadermiddlewares.httpauth.HttpAuthMiddleware',
 'scrapy.downloadermiddlewares.downloadtimeout.DownloadTimeoutMiddleware',
 'scrapy.downloadermiddlewares.defaultheaders.DefaultHeadersMiddleware',
 'scrapy.downloadermiddlewares.useragent.UserAgentMiddleware',
 'scrapy.downloadermiddlewares.retry.RetryMiddleware',
 'scrapy.downloadermiddlewares.redirect.MetaRefreshMiddleware',
 'scrapy.downloadermiddlewares.httpcompression.HttpCompressionMiddleware',
 'scrapy.downloadermiddlewares.redirect.RedirectMiddleware',
 'scrapy.downloadermiddlewares.cookies.CookiesMiddleware',
 'scrapy.downloadermiddlewares.httpproxy.HttpProxyMiddleware',
 'scrapy.downloadermiddlewares.stats.DownloaderStats']
2024-11-20 12:03:34 [scrapy.middleware] INFO: Enabled spider middlewares:
['scrapy.spidermiddlewares.httperror.HttpErrorMiddleware',
 'scrapy.spidermiddlewares.referer.RefererMiddleware',
 'scrapy.spidermiddlewares.urllength.UrlLengthMiddleware',
 'scrapy.spidermiddlewares.depth.DepthMiddleware']
2024-11-20 12:03:34 [scrapy.middleware] INFO: Enabled item pipelines:
[]
2024-11-20 12:03:34 [scrapy.core.engine] INFO: Spider opened
2024-11-20 12:03:34 [scrapy.extensions.logstats] INFO: Crawled 0 pages (at 0 pages/min), scraped 0 items (at 0 items/min)
2024-11-20 12:03:34 [scrapy.extensions.telnet] INFO: Telnet console listening on 127.0.0.1:6023
2024-11-20 12:03:36 [scrapy.core.engine] DEBUG: Crawled (200) <GET https://izhevsk.hh.ru/search/vacancy?hhtmFrom=main&search_field=name&search_field=company_name&search_field=description&text=python&enable_snippets=false&L_save_area=true> (referer: None)
200 https://izhevsk.hh.ru/search/vacancy?hhtmFrom=main&search_field=name&search_field=company_name&search_field=description&text=python&enable_snippets=false&L_save_area=true
2024-11-20 12:03:37 [scrapy.core.engine] INFO: Closing spider (finished)
2024-11-20 12:03:37 [scrapy.statscollectors] INFO: Dumping Scrapy stats:
{'downloader/request_bytes': 448,
 'downloader/request_count': 1,
 'downloader/request_method_count/GET': 1,
 'downloader/response_bytes': 112691,
 'downloader/response_count': 1,
 'downloader/response_status_count/200': 1,
 'elapsed_time_seconds': 2.528043,
 'finish_reason': 'finished',
 'finish_time': datetime.datetime(2024, 11, 20, 9, 3, 37, 78505, tzinfo=datetime.timezone.utc),
 'httpcompression/response_bytes': 587220,
 'httpcompression/response_count': 1,
 'items_per_minute': None,
 'log_count/DEBUG': 6,
 'log_count/INFO': 10,
 'response_received_count': 1,
 'responses_per_minute': None,
 'scheduler/dequeued': 1,
 'scheduler/dequeued/memory': 1,
 'scheduler/enqueued': 1,
 'scheduler/enqueued/memory': 1,
 'start_time': datetime.datetime(2024, 11, 20, 9, 3, 34, 550462, tzinfo=datetime.timezone.utc)}
2024-11-20 12:03:37 [scrapy.core.engine] INFO: Spider closed (finished)
PS E:\Курс_DataScience_GeekBarains\Вторая_четверть\Сбор и разметка данных\Collection_data\Task_5\Task_5_in_office>
